Component: ARM Compiler 5.06 update 6 (build 750) Tool: armlink [4d35ed]

==============================================================================

Section Cross References

    iterative.o(test_array) refers to iterative.o(NEW_ARRAY) for fib_array
    startup_armcm0.o(STACK) refers (Special) to heapauxi.o(.text) for __use_two_region_memory
    startup_armcm0.o(HEAP) refers (Special) to heapauxi.o(.text) for __use_two_region_memory
    startup_armcm0.o(RESET) refers (Special) to heapauxi.o(.text) for __use_two_region_memory
    startup_armcm0.o(RESET) refers to startup_armcm0.o(STACK) for __initial_sp
    startup_armcm0.o(RESET) refers to startup_armcm0.o(.text) for Reset_Handler
    startup_armcm0.o(.text) refers (Special) to heapauxi.o(.text) for __use_two_region_memory
    startup_armcm0.o(.text) refers to system_armcm0.o(i.SystemInit) for SystemInit
    startup_armcm0.o(.text) refers to iterative.o(test_array) for __main
    system_armcm0.o(i.SystemCoreClockUpdate) refers to system_armcm0.o(.data) for SystemCoreClock
    system_armcm0.o(i.SystemInit) refers to system_armcm0.o(.data) for SystemCoreClock


==============================================================================

Removing Unused input sections from the image.

    Removing startup_armcm0.o(HEAP), (3072 bytes).
    Removing system_armcm0.o(.rev16_text), (4 bytes).
    Removing system_armcm0.o(.revsh_text), (4 bytes).
    Removing system_armcm0.o(i.SystemCoreClockUpdate), (16 bytes).

4 unused section(s) (total 3096 bytes) removed from the image.

==============================================================================

Image Symbol Table

    Local Symbols

    Symbol Name                              Value     Ov Type        Size  Object(Section)

    RESET                                    0x00000000   Section      192  startup_armcm0.o(RESET)
    ../clib/heapaux.c                        0x00000000   Number         0  heapauxi.o ABSOLUTE
    RTE\Device\ARMCM0\startup_ARMCM0.s       0x00000000   Number         0  startup_armcm0.o ABSOLUTE
    RTE\Device\ARMCM0\system_ARMCM0.c        0x00000000   Number         0  system_armcm0.o ABSOLUTE
    RTE\\Device\\ARMCM0\\system_ARMCM0.c     0x00000000   Number         0  system_armcm0.o ABSOLUTE
    dc.s                                     0x00000000   Number         0  dc.o ABSOLUTE
    iterative.s                              0x00000000   Number         0  iterative.o ABSOLUTE
    .text                                    0x000000c0   Section       48  startup_armcm0.o(.text)
    .text                                    0x000000f0   Section        0  heapauxi.o(.text)
    i.SystemInit                             0x000000f8   Section        0  system_armcm0.o(i.SystemInit)
    test_array                               0x00000108   Section       72  iterative.o(test_array)
    .data                                    0x20000000   Section        4  system_armcm0.o(.data)
    NEW_ARRAY                                0x20000004   Section        9  iterative.o(NEW_ARRAY)
    fib_array                                0x20000004   Data           9  iterative.o(NEW_ARRAY)
    __Array_End                              0x2000000d   Data           0  iterative.o(NEW_ARRAY)
    STACK                                    0x20000010   Section     1024  startup_armcm0.o(STACK)

    Global Symbols

    Symbol Name                              Value     Ov Type        Size  Object(Section)

    BuildAttributes$$THM_ISAv3M$S$PE$A:L22$X:L11$S22$IEEE1$IW$USESV6$~STKCKD$USESV7$~SHL$OSPACE$ROPI$EBA8$STANDARDLIB$REQ8$PRES8$EABIv2 0x00000000   Number         0  anon$$obj.o ABSOLUTE
    __Vectors                                0x00000000   Data           4  startup_armcm0.o(RESET)
    Reset_Handler                            0x000000c1   Thumb Code     8  startup_armcm0.o(.text)
    __Vectors_End                            0x000000c0   Data           0  startup_armcm0.o(RESET)
    __Vectors_Size                           0x000000c0   Number         0  startup_armcm0.o ABSOLUTE
    NMI_Handler                              0x000000c9   Thumb Code     2  startup_armcm0.o(.text)
    HardFault_Handler                        0x000000cb   Thumb Code     2  startup_armcm0.o(.text)
    SVC_Handler                              0x000000cd   Thumb Code     2  startup_armcm0.o(.text)
    PendSV_Handler                           0x000000cf   Thumb Code     2  startup_armcm0.o(.text)
    SysTick_Handler                          0x000000d1   Thumb Code     2  startup_armcm0.o(.text)
    Interrupt0_Handler                       0x000000d3   Thumb Code     2  startup_armcm0.o(.text)
    Interrupt1_Handler                       0x000000d5   Thumb Code     2  startup_armcm0.o(.text)
    Interrupt2_Handler                       0x000000d7   Thumb Code     2  startup_armcm0.o(.text)
    Interrupt3_Handler                       0x000000d9   Thumb Code     2  startup_armcm0.o(.text)
    Interrupt4_Handler                       0x000000db   Thumb Code     2  startup_armcm0.o(.text)
    Interrupt5_Handler                       0x000000dd   Thumb Code     2  startup_armcm0.o(.text)
    Interrupt6_Handler                       0x000000df   Thumb Code     2  startup_armcm0.o(.text)
    Interrupt7_Handler                       0x000000e1   Thumb Code     2  startup_armcm0.o(.text)
    Interrupt8_Handler                       0x000000e3   Thumb Code     2  startup_armcm0.o(.text)
    Interrupt9_Handler                       0x000000e5   Thumb Code     2  startup_armcm0.o(.text)
    __use_two_region_memory                  0x000000f1   Thumb Code     2  heapauxi.o(.text)
    __rt_heap_escrow$2region                 0x000000f3   Thumb Code     2  heapauxi.o(.text)
    __rt_heap_expand$2region                 0x000000f5   Thumb Code     2  heapauxi.o(.text)
    SystemInit                               0x000000f9   Thumb Code     8  system_armcm0.o(i.SystemInit)
    __main                                   0x00000109   Thumb Code    58  iterative.o(test_array)
    SystemCoreClock                          0x20000000   Data           4  system_armcm0.o(.data)
    __stack_limit                            0x20000010   Data           0  startup_armcm0.o(STACK)
    __initial_sp                             0x20000410   Data           0  startup_armcm0.o(STACK)



==============================================================================

Memory Map of the image

  Image Entry point : 0x000000c1

  Load Region LR_1 (Base: 0x00000000, Size: 0x00000160, Max: 0xffffffff, ABSOLUTE)

    Execution Region ER_RO (Exec base: 0x00000000, Load base: 0x00000000, Size: 0x00000150, Max: 0xffffffff, ABSOLUTE)

    Exec Addr    Load Addr    Size         Type   Attr      Idx    E Section Name        Object

    0x00000000   0x00000000   0x000000c0   Data   RO           10    RESET               startup_armcm0.o
    0x000000c0   0x000000c0   0x00000030   Code   RO           11  * .text               startup_armcm0.o
    0x000000f0   0x000000f0   0x00000006   Code   RO           68    .text               c_p.l(heapauxi.o)
    0x000000f6   0x000000f6   0x00000002   PAD
    0x000000f8   0x000000f8   0x00000010   Code   RO           18    i.SystemInit        system_armcm0.o
    0x00000108   0x00000108   0x00000048   Code   RO            2  * test_array          iterative.o


    Execution Region ER_RW (Exec base: 0x20000000, Load base: 0x00000150, Size: 0x00000010, Max: 0xffffffff, ABSOLUTE)

    Exec Addr    Load Addr    Size         Type   Attr      Idx    E Section Name        Object

    0x20000000   0x00000150   0x00000004   Data   RW           19    .data               system_armcm0.o
    0x20000004   0x00000154   0x00000009   Data   RW            1    NEW_ARRAY           iterative.o


    Execution Region ER_ZI (Exec base: 0x20000010, Load base: 0x00000160, Size: 0x00000400, Max: 0xffffffff, ABSOLUTE)

    Exec Addr    Load Addr    Size         Type   Attr      Idx    E Section Name        Object

    0x20000010        -       0x00000400   Zero   RW            8    STACK               startup_armcm0.o


==============================================================================

Image component sizes


      Code (inc. data)   RO Data    RW Data    ZI Data      Debug   Object Name

        72         14          0          9          0        348   iterative.o
        48         10        192          0       1024        988   startup_armcm0.o
        16          8          0          4          0       5147   system_armcm0.o

    ----------------------------------------------------------------------
       136         32        192         16       1024       6483   Object Totals
         0          0          0          0          0          0   (incl. Generated)
         0          0          0          3          0          0   (incl. Padding)

    ----------------------------------------------------------------------

      Code (inc. data)   RO Data    RW Data    ZI Data      Debug   Library Member Name

         6          0          0          0          0        136   heapauxi.o

    ----------------------------------------------------------------------
         8          0          0          0          0        136   Library Totals
         2          0          0          0          0          0   (incl. Padding)

    ----------------------------------------------------------------------

      Code (inc. data)   RO Data    RW Data    ZI Data      Debug   Library Name

         6          0          0          0          0        136   c_p.l

    ----------------------------------------------------------------------
         8          0          0          0          0        136   Library Totals

    ----------------------------------------------------------------------

==============================================================================


      Code (inc. data)   RO Data    RW Data    ZI Data      Debug   

       144         32        192         16       1024       6567   Grand Totals
       144         32        192         16       1024       6567   ELF Image Totals
       144         32        192         16          0          0   ROM Totals

==============================================================================

    Total RO  Size (Code + RO Data)                  336 (   0.33kB)
    Total RW  Size (RW Data + ZI Data)              1040 (   1.02kB)
    Total ROM Size (Code + RO Data + RW Data)        352 (   0.34kB)

==============================================================================

